mode: atomic
github.com/guidewire-oss/fern-platform/internal/domains/auth/interfaces/middleware_adapter.go:52.26,60.2 1 23
github.com/guidewire-oss/fern-platform/internal/domains/auth/interfaces/middleware_adapter.go:63.63,64.30 1 7
github.com/guidewire-oss/fern-platform/internal/domains/auth/interfaces/middleware_adapter.go:64.30,65.51 1 7
github.com/guidewire-oss/fern-platform/internal/domains/auth/interfaces/middleware_adapter.go:65.51,68.4 2 0
github.com/guidewire-oss/fern-platform/internal/domains/auth/interfaces/middleware_adapter.go:70.3,76.52 4 7
github.com/guidewire-oss/fern-platform/internal/domains/auth/interfaces/middleware_adapter.go:76.52,81.18 3 2
github.com/guidewire-oss/fern-platform/internal/domains/auth/interfaces/middleware_adapter.go:81.18,85.5 3 1
github.com/guidewire-oss/fern-platform/internal/domains/auth/interfaces/middleware_adapter.go:87.4,97.18 3 1
github.com/guidewire-oss/fern-platform/internal/domains/auth/interfaces/middleware_adapter.go:97.18,101.5 3 0
github.com/guidewire-oss/fern-platform/internal/domains/auth/interfaces/middleware_adapter.go:102.4,102.40 1 1
github.com/guidewire-oss/fern-platform/internal/domains/auth/interfaces/middleware_adapter.go:106.3,106.22 1 6
github.com/guidewire-oss/fern-platform/internal/domains/auth/interfaces/middleware_adapter.go:106.22,109.34 3 5
github.com/guidewire-oss/fern-platform/internal/domains/auth/interfaces/middleware_adapter.go:109.34,112.5 2 1
github.com/guidewire-oss/fern-platform/internal/domains/auth/interfaces/middleware_adapter.go:113.4,113.22 1 4
github.com/guidewire-oss/fern-platform/internal/domains/auth/interfaces/middleware_adapter.go:116.3,117.17 2 5
github.com/guidewire-oss/fern-platform/internal/domains/auth/interfaces/middleware_adapter.go:117.17,122.4 3 0
github.com/guidewire-oss/fern-platform/internal/domains/auth/interfaces/middleware_adapter.go:125.3,126.11 2 5
github.com/guidewire-oss/fern-platform/internal/domains/auth/interfaces/middleware_adapter.go:131.64,132.30 1 2
github.com/guidewire-oss/fern-platform/internal/domains/auth/interfaces/middleware_adapter.go:132.30,135.20 2 2
github.com/guidewire-oss/fern-platform/internal/domains/auth/interfaces/middleware_adapter.go:135.20,137.4 1 0
github.com/guidewire-oss/fern-platform/internal/domains/auth/interfaces/middleware_adapter.go:139.3,140.33 2 2
github.com/guidewire-oss/fern-platform/internal/domains/auth/interfaces/middleware_adapter.go:140.33,142.19 1 1
github.com/guidewire-oss/fern-platform/internal/domains/auth/interfaces/middleware_adapter.go:142.19,147.5 1 1
github.com/guidewire-oss/fern-platform/internal/domains/auth/interfaces/middleware_adapter.go:147.10,150.5 1 0
github.com/guidewire-oss/fern-platform/internal/domains/auth/interfaces/middleware_adapter.go:152.4,152.25 1 1
github.com/guidewire-oss/fern-platform/internal/domains/auth/interfaces/middleware_adapter.go:152.25,154.5 1 1
github.com/guidewire-oss/fern-platform/internal/domains/auth/interfaces/middleware_adapter.go:154.10,156.5 1 0
github.com/guidewire-oss/fern-platform/internal/domains/auth/interfaces/middleware_adapter.go:157.4,158.10 2 1
github.com/guidewire-oss/fern-platform/internal/domains/auth/interfaces/middleware_adapter.go:161.3,161.11 1 1
github.com/guidewire-oss/fern-platform/internal/domains/auth/interfaces/middleware_adapter.go:166.66,167.30 1 2
github.com/guidewire-oss/fern-platform/internal/domains/auth/interfaces/middleware_adapter.go:167.30,170.20 2 2
github.com/guidewire-oss/fern-platform/internal/domains/auth/interfaces/middleware_adapter.go:170.20,172.4 1 0
github.com/guidewire-oss/fern-platform/internal/domains/auth/interfaces/middleware_adapter.go:174.3,175.39 2 2
github.com/guidewire-oss/fern-platform/internal/domains/auth/interfaces/middleware_adapter.go:175.39,179.25 2 1
github.com/guidewire-oss/fern-platform/internal/domains/auth/interfaces/middleware_adapter.go:179.25,181.5 1 1
github.com/guidewire-oss/fern-platform/internal/domains/auth/interfaces/middleware_adapter.go:181.10,183.5 1 0
github.com/guidewire-oss/fern-platform/internal/domains/auth/interfaces/middleware_adapter.go:184.4,185.10 2 1
github.com/guidewire-oss/fern-platform/internal/domains/auth/interfaces/middleware_adapter.go:188.3,188.11 1 1
github.com/guidewire-oss/fern-platform/internal/domains/auth/interfaces/middleware_adapter.go:193.45,196.16 3 2
github.com/guidewire-oss/fern-platform/internal/domains/auth/interfaces/middleware_adapter.go:196.16,198.3 1 0
github.com/guidewire-oss/fern-platform/internal/domains/auth/interfaces/middleware_adapter.go:199.2,199.65 1 2
github.com/guidewire-oss/fern-platform/internal/domains/auth/interfaces/middleware_adapter.go:203.52,206.2 2 2
github.com/guidewire-oss/fern-platform/internal/domains/auth/interfaces/middleware_adapter.go:209.66,210.30 1 2
github.com/guidewire-oss/fern-platform/internal/domains/auth/interfaces/middleware_adapter.go:210.30,211.30 1 2
github.com/guidewire-oss/fern-platform/internal/domains/auth/interfaces/middleware_adapter.go:211.30,214.4 2 0
github.com/guidewire-oss/fern-platform/internal/domains/auth/interfaces/middleware_adapter.go:217.3,218.17 2 2
github.com/guidewire-oss/fern-platform/internal/domains/auth/interfaces/middleware_adapter.go:218.17,222.4 3 1
github.com/guidewire-oss/fern-platform/internal/domains/auth/interfaces/middleware_adapter.go:225.3,229.40 4 1
github.com/guidewire-oss/fern-platform/internal/domains/auth/interfaces/middleware_adapter.go:229.40,234.18 2 1
github.com/guidewire-oss/fern-platform/internal/domains/auth/interfaces/middleware_adapter.go:234.18,238.5 3 0
github.com/guidewire-oss/fern-platform/internal/domains/auth/interfaces/middleware_adapter.go:239.4,245.63 3 1
github.com/guidewire-oss/fern-platform/internal/domains/auth/interfaces/middleware_adapter.go:246.9,249.4 1 0
github.com/guidewire-oss/fern-platform/internal/domains/auth/interfaces/middleware_adapter.go:251.3,251.27 1 1
github.com/guidewire-oss/fern-platform/internal/domains/auth/interfaces/middleware_adapter.go:256.71,257.30 1 3
github.com/guidewire-oss/fern-platform/internal/domains/auth/interfaces/middleware_adapter.go:257.30,258.30 1 3
github.com/guidewire-oss/fern-platform/internal/domains/auth/interfaces/middleware_adapter.go:258.30,261.4 2 0
github.com/guidewire-oss/fern-platform/internal/domains/auth/interfaces/middleware_adapter.go:264.3,269.43 4 3
github.com/guidewire-oss/fern-platform/internal/domains/auth/interfaces/middleware_adapter.go:269.43,277.4 3 2
github.com/guidewire-oss/fern-platform/internal/domains/auth/interfaces/middleware_adapter.go:280.3,281.17 2 1
github.com/guidewire-oss/fern-platform/internal/domains/auth/interfaces/middleware_adapter.go:281.17,284.4 2 0
github.com/guidewire-oss/fern-platform/internal/domains/auth/interfaces/middleware_adapter.go:287.3,291.17 3 1
github.com/guidewire-oss/fern-platform/internal/domains/auth/interfaces/middleware_adapter.go:291.17,295.4 3 0
github.com/guidewire-oss/fern-platform/internal/domains/auth/interfaces/middleware_adapter.go:298.3,299.17 2 1
github.com/guidewire-oss/fern-platform/internal/domains/auth/interfaces/middleware_adapter.go:299.17,303.4 3 0
github.com/guidewire-oss/fern-platform/internal/domains/auth/interfaces/middleware_adapter.go:306.3,313.17 2 1
github.com/guidewire-oss/fern-platform/internal/domains/auth/interfaces/middleware_adapter.go:313.17,317.4 3 0
github.com/guidewire-oss/fern-platform/internal/domains/auth/interfaces/middleware_adapter.go:320.3,336.44 6 1
github.com/guidewire-oss/fern-platform/internal/domains/auth/interfaces/middleware_adapter.go:341.58,342.30 1 4
github.com/guidewire-oss/fern-platform/internal/domains/auth/interfaces/middleware_adapter.go:342.30,344.36 2 4
github.com/guidewire-oss/fern-platform/internal/domains/auth/interfaces/middleware_adapter.go:344.36,357.22 6 2
github.com/guidewire-oss/fern-platform/internal/domains/auth/interfaces/middleware_adapter.go:357.22,359.5 1 1
github.com/guidewire-oss/fern-platform/internal/domains/auth/interfaces/middleware_adapter.go:359.10,361.5 1 1
github.com/guidewire-oss/fern-platform/internal/domains/auth/interfaces/middleware_adapter.go:364.4,364.112 1 2
github.com/guidewire-oss/fern-platform/internal/domains/auth/interfaces/middleware_adapter.go:364.112,370.5 2 1
github.com/guidewire-oss/fern-platform/internal/domains/auth/interfaces/middleware_adapter.go:373.4,374.10 2 1
github.com/guidewire-oss/fern-platform/internal/domains/auth/interfaces/middleware_adapter.go:378.3,378.33 1 2
github.com/guidewire-oss/fern-platform/internal/domains/auth/interfaces/middleware_adapter.go:384.71,389.23 2 1
github.com/guidewire-oss/fern-platform/internal/domains/auth/interfaces/middleware_adapter.go:389.23,391.3 1 0
github.com/guidewire-oss/fern-platform/internal/domains/auth/interfaces/middleware_adapter.go:391.8,393.3 1 1
github.com/guidewire-oss/fern-platform/internal/domains/auth/interfaces/middleware_adapter.go:394.2,394.11 1 1
github.com/guidewire-oss/fern-platform/internal/domains/auth/interfaces/middleware_adapter.go:397.67,401.2 1 3
github.com/guidewire-oss/fern-platform/internal/domains/auth/interfaces/middleware_adapter.go:403.108,408.2 4 5
github.com/guidewire-oss/fern-platform/internal/domains/auth/interfaces/middleware_adapter.go:410.89,412.13 2 4
github.com/guidewire-oss/fern-platform/internal/domains/auth/interfaces/middleware_adapter.go:412.13,414.3 1 0
github.com/guidewire-oss/fern-platform/internal/domains/auth/interfaces/middleware_adapter.go:416.2,417.14 2 4
github.com/guidewire-oss/fern-platform/internal/domains/auth/interfaces/middleware_adapter.go:420.84,424.2 2 1
github.com/guidewire-oss/fern-platform/internal/domains/auth/interfaces/middleware_adapter.go:427.55,429.13 2 24
github.com/guidewire-oss/fern-platform/internal/domains/auth/interfaces/middleware_adapter.go:429.13,431.3 1 4
github.com/guidewire-oss/fern-platform/internal/domains/auth/interfaces/middleware_adapter.go:433.2,434.14 2 20
github.com/guidewire-oss/fern-platform/internal/domains/auth/interfaces/middleware_adapter.go:438.61,440.13 2 3
github.com/guidewire-oss/fern-platform/internal/domains/auth/interfaces/middleware_adapter.go:440.13,442.3 1 1
github.com/guidewire-oss/fern-platform/internal/domains/auth/interfaces/middleware_adapter.go:444.2,445.14 2 2
github.com/guidewire-oss/fern-platform/internal/domains/auth/interfaces/middleware_adapter.go:449.35,452.2 2 5
github.com/guidewire-oss/fern-platform/internal/domains/auth/interfaces/middleware_adapter.go:455.41,458.2 2 5
github.com/guidewire-oss/fern-platform/internal/domains/auth/interfaces/middleware_adapter.go:461.57,464.2 2 8
github.com/guidewire-oss/fern-platform/internal/domains/auth/interfaces/middleware_adapter.go:467.62,469.13 2 6
github.com/guidewire-oss/fern-platform/internal/domains/auth/interfaces/middleware_adapter.go:469.13,471.3 1 1
github.com/guidewire-oss/fern-platform/internal/domains/auth/interfaces/middleware_adapter.go:474.2,474.20 1 5
github.com/guidewire-oss/fern-platform/internal/domains/auth/interfaces/middleware_adapter.go:474.20,476.3 1 1
github.com/guidewire-oss/fern-platform/internal/domains/auth/interfaces/middleware_adapter.go:479.2,480.36 2 4
github.com/guidewire-oss/fern-platform/internal/domains/auth/interfaces/middleware_adapter.go:480.36,481.40 1 4
github.com/guidewire-oss/fern-platform/internal/domains/auth/interfaces/middleware_adapter.go:481.40,482.72 1 7
github.com/guidewire-oss/fern-platform/internal/domains/auth/interfaces/middleware_adapter.go:482.72,484.5 1 3
github.com/guidewire-oss/fern-platform/internal/domains/auth/interfaces/middleware_adapter.go:488.2,488.14 1 1
github.com/guidewire-oss/fern-platform/internal/domains/auth/interfaces/oauth_adapter.go:27.87,33.2 1 82
github.com/guidewire-oss/fern-platform/internal/domains/auth/interfaces/oauth_adapter.go:36.56,39.16 3 3
github.com/guidewire-oss/fern-platform/internal/domains/auth/interfaces/oauth_adapter.go:39.16,41.3 1 0
github.com/guidewire-oss/fern-platform/internal/domains/auth/interfaces/oauth_adapter.go:42.2,42.50 1 3
github.com/guidewire-oss/fern-platform/internal/domains/auth/interfaces/oauth_adapter.go:46.83,55.54 7 7
github.com/guidewire-oss/fern-platform/internal/domains/auth/interfaces/oauth_adapter.go:55.54,58.3 2 1
github.com/guidewire-oss/fern-platform/internal/domains/auth/interfaces/oauth_adapter.go:60.2,60.55 1 7
github.com/guidewire-oss/fern-platform/internal/domains/auth/interfaces/oauth_adapter.go:64.111,72.24 7 8
github.com/guidewire-oss/fern-platform/internal/domains/auth/interfaces/oauth_adapter.go:72.24,74.3 1 1
github.com/guidewire-oss/fern-platform/internal/domains/auth/interfaces/oauth_adapter.go:76.2,77.16 2 8
github.com/guidewire-oss/fern-platform/internal/domains/auth/interfaces/oauth_adapter.go:77.16,79.3 1 1
github.com/guidewire-oss/fern-platform/internal/domains/auth/interfaces/oauth_adapter.go:81.2,85.16 4 7
github.com/guidewire-oss/fern-platform/internal/domains/auth/interfaces/oauth_adapter.go:85.16,87.3 1 1
github.com/guidewire-oss/fern-platform/internal/domains/auth/interfaces/oauth_adapter.go:88.2,90.38 2 6
github.com/guidewire-oss/fern-platform/internal/domains/auth/interfaces/oauth_adapter.go:90.38,93.3 2 2
github.com/guidewire-oss/fern-platform/internal/domains/auth/interfaces/oauth_adapter.go:95.2,104.70 2 4
github.com/guidewire-oss/fern-platform/internal/domains/auth/interfaces/oauth_adapter.go:104.70,106.3 1 1
github.com/guidewire-oss/fern-platform/internal/domains/auth/interfaces/oauth_adapter.go:108.2,113.8 1 3
github.com/guidewire-oss/fern-platform/internal/domains/auth/interfaces/oauth_adapter.go:117.87,119.16 2 14
github.com/guidewire-oss/fern-platform/internal/domains/auth/interfaces/oauth_adapter.go:119.16,121.3 1 1
github.com/guidewire-oss/fern-platform/internal/domains/auth/interfaces/oauth_adapter.go:123.2,127.16 4 13
github.com/guidewire-oss/fern-platform/internal/domains/auth/interfaces/oauth_adapter.go:127.16,129.3 1 1
github.com/guidewire-oss/fern-platform/internal/domains/auth/interfaces/oauth_adapter.go:130.2,132.38 2 12
github.com/guidewire-oss/fern-platform/internal/domains/auth/interfaces/oauth_adapter.go:132.38,135.3 2 2
github.com/guidewire-oss/fern-platform/internal/domains/auth/interfaces/oauth_adapter.go:137.2,138.68 2 10
github.com/guidewire-oss/fern-platform/internal/domains/auth/interfaces/oauth_adapter.go:138.68,140.3 1 1
github.com/guidewire-oss/fern-platform/internal/domains/auth/interfaces/oauth_adapter.go:143.2,145.65 2 9
github.com/guidewire-oss/fern-platform/internal/domains/auth/interfaces/oauth_adapter.go:145.65,147.3 1 8
github.com/guidewire-oss/fern-platform/internal/domains/auth/interfaces/oauth_adapter.go:148.2,148.66 1 9
github.com/guidewire-oss/fern-platform/internal/domains/auth/interfaces/oauth_adapter.go:148.66,150.3 1 7
github.com/guidewire-oss/fern-platform/internal/domains/auth/interfaces/oauth_adapter.go:151.2,151.64 1 9
github.com/guidewire-oss/fern-platform/internal/domains/auth/interfaces/oauth_adapter.go:151.64,153.3 1 2
github.com/guidewire-oss/fern-platform/internal/domains/auth/interfaces/oauth_adapter.go:154.2,154.52 1 9
github.com/guidewire-oss/fern-platform/internal/domains/auth/interfaces/oauth_adapter.go:154.52,156.3 1 1
github.com/guidewire-oss/fern-platform/internal/domains/auth/interfaces/oauth_adapter.go:159.2,159.57 1 9
github.com/guidewire-oss/fern-platform/internal/domains/auth/interfaces/oauth_adapter.go:159.57,161.3 1 1
github.com/guidewire-oss/fern-platform/internal/domains/auth/interfaces/oauth_adapter.go:162.2,162.57 1 9
github.com/guidewire-oss/fern-platform/internal/domains/auth/interfaces/oauth_adapter.go:162.57,164.3 1 1
github.com/guidewire-oss/fern-platform/internal/domains/auth/interfaces/oauth_adapter.go:165.2,165.63 1 9
github.com/guidewire-oss/fern-platform/internal/domains/auth/interfaces/oauth_adapter.go:165.63,167.3 1 1
github.com/guidewire-oss/fern-platform/internal/domains/auth/interfaces/oauth_adapter.go:170.2,170.75 1 9
github.com/guidewire-oss/fern-platform/internal/domains/auth/interfaces/oauth_adapter.go:170.75,171.32 1 7
github.com/guidewire-oss/fern-platform/internal/domains/auth/interfaces/oauth_adapter.go:171.32,172.42 1 14
github.com/guidewire-oss/fern-platform/internal/domains/auth/interfaces/oauth_adapter.go:172.42,174.5 1 12
github.com/guidewire-oss/fern-platform/internal/domains/auth/interfaces/oauth_adapter.go:178.2,178.73 1 9
github.com/guidewire-oss/fern-platform/internal/domains/auth/interfaces/oauth_adapter.go:178.73,179.30 1 2
github.com/guidewire-oss/fern-platform/internal/domains/auth/interfaces/oauth_adapter.go:179.30,180.40 1 4
github.com/guidewire-oss/fern-platform/internal/domains/auth/interfaces/oauth_adapter.go:180.40,182.5 1 2
github.com/guidewire-oss/fern-platform/internal/domains/auth/interfaces/oauth_adapter.go:187.2,189.22 2 9
github.com/guidewire-oss/fern-platform/internal/domains/auth/interfaces/oauth_adapter.go:193.70,194.29 1 9
github.com/guidewire-oss/fern-platform/internal/domains/auth/interfaces/oauth_adapter.go:194.29,196.3 1 1
github.com/guidewire-oss/fern-platform/internal/domains/auth/interfaces/oauth_adapter.go:199.2,199.19 1 8
github.com/guidewire-oss/fern-platform/internal/domains/auth/interfaces/oauth_adapter.go:199.19,201.3 1 1
github.com/guidewire-oss/fern-platform/internal/domains/auth/interfaces/oauth_adapter.go:204.2,204.36 1 7
github.com/guidewire-oss/fern-platform/internal/domains/auth/interfaces/oauth_adapter.go:204.36,209.39 3 4
github.com/guidewire-oss/fern-platform/internal/domains/auth/interfaces/oauth_adapter.go:209.39,211.4 1 1
github.com/guidewire-oss/fern-platform/internal/domains/auth/interfaces/oauth_adapter.go:212.3,215.39 2 4
github.com/guidewire-oss/fern-platform/internal/domains/auth/interfaces/oauth_adapter.go:215.39,218.4 2 3
github.com/guidewire-oss/fern-platform/internal/domains/auth/interfaces/oauth_adapter.go:220.3,220.19 1 4
github.com/guidewire-oss/fern-platform/internal/domains/auth/interfaces/oauth_adapter.go:224.2,224.36 1 3
github.com/guidewire-oss/fern-platform/internal/domains/auth/interfaces/oauth_adapter.go:224.36,228.39 3 2
github.com/guidewire-oss/fern-platform/internal/domains/auth/interfaces/oauth_adapter.go:228.39,231.4 2 2
github.com/guidewire-oss/fern-platform/internal/domains/auth/interfaces/oauth_adapter.go:233.3,233.19 1 2
github.com/guidewire-oss/fern-platform/internal/domains/auth/interfaces/oauth_adapter.go:237.2,237.22 1 1
github.com/guidewire-oss/fern-platform/internal/domains/auth/interfaces/oauth_adapter.go:241.76,243.54 1 16
github.com/guidewire-oss/fern-platform/internal/domains/auth/interfaces/oauth_adapter.go:243.54,244.63 1 9
github.com/guidewire-oss/fern-platform/internal/domains/auth/interfaces/oauth_adapter.go:244.63,247.42 2 8
github.com/guidewire-oss/fern-platform/internal/domains/auth/interfaces/oauth_adapter.go:247.42,248.46 1 10
github.com/guidewire-oss/fern-platform/internal/domains/auth/interfaces/oauth_adapter.go:248.46,250.11 2 2
github.com/guidewire-oss/fern-platform/internal/domains/auth/interfaces/oauth_adapter.go:253.4,253.22 1 8
github.com/guidewire-oss/fern-platform/internal/domains/auth/interfaces/oauth_adapter.go:253.22,255.5 1 6
github.com/guidewire-oss/fern-platform/internal/domains/auth/interfaces/oauth_adapter.go:256.4,256.10 1 8
github.com/guidewire-oss/fern-platform/internal/domains/auth/interfaces/oauth_adapter.go:261.2,261.40 1 8
github.com/guidewire-oss/fern-platform/internal/domains/auth/interfaces/oauth_adapter.go:261.40,262.57 1 9
github.com/guidewire-oss/fern-platform/internal/domains/auth/interfaces/oauth_adapter.go:262.57,263.27 1 8
github.com/guidewire-oss/fern-platform/internal/domains/auth/interfaces/oauth_adapter.go:263.27,266.39 2 3
github.com/guidewire-oss/fern-platform/internal/domains/auth/interfaces/oauth_adapter.go:266.39,267.39 1 5
github.com/guidewire-oss/fern-platform/internal/domains/auth/interfaces/oauth_adapter.go:267.39,269.12 2 0
github.com/guidewire-oss/fern-platform/internal/domains/auth/interfaces/oauth_adapter.go:272.5,272.23 1 3
github.com/guidewire-oss/fern-platform/internal/domains/auth/interfaces/oauth_adapter.go:272.23,274.6 1 3
github.com/guidewire-oss/fern-platform/internal/domains/auth/interfaces/oauth_adapter.go:275.5,275.11 1 3
